// Jest Snapshot v1, https://goo.gl/fbAQLP

exports[`Coin component renders coin screen without crashing 1`] = `ShallowWrapper {}`;
